aarch64-linux-gnu-g++ -Wl,-rpath=/opt/binary/usr/lib/aarch64-linux-gnu:/opt/binary/lib/aarch64-linux-gnu --sysroot=/opt/binary -Wl,-O1 -Wl,-rpath,/opt/Qt_5.15.9/lib -o 180 build/obj/agvmodbusmanager.o build/obj/animationmanager.o build/obj/batterywidget.o build/obj/enablebuttonworker.o build/obj/featureswitchmanager.o build/obj/featureswitchwidget.o build/obj/main.o build/obj/maindevicemodbusapi.o build/obj/mainmodbuslabelmapper.o build/obj/mainmodbuspoller.o build/obj/mainwindow.o build/obj/mainwindow_lifecycle.o build/obj/mainmodbusconnector.o build/obj/mainmodbusstatus.o build/obj/mappingconfig.o build/obj/modebuttonstyler.o build/obj/matrixkeymonitor.o build/obj/matrixkeythreadmanager.o build/obj/modbustcpclient.o build/obj/modbusthreadmanager.o build/obj/modbuswritegate.o build/obj/modbusvariables.o build/obj/operationrecorder.o build/obj/poseprovider.o build/obj/speedmodeselector.o build/obj/steeringmodeselector.o build/obj/techarcgauge.o build/obj/techpushbutton.o build/obj/techslideredit.o build/obj/techsliderlabel.o build/obj/techspeedgauge.o build/obj/techvirtualkeyboard.o build/obj/HistoryList_qml.o build/obj/BatteryWidget_qml.o build/obj/TechSpeedGauge_qml.o build/obj/RobotTotalPowerCard_qml.o build/obj/PoseDisplay_qml.o build/obj/InclinometerCard_qml.o build/obj/qmlcache_loader.o build/obj/qrc_res_qmlcache.o build/obj/moc_agvmodbusmanager.o build/obj/moc_animationmanager.o build/obj/moc_enablebuttonworker.o build/obj/moc_featureswitchmanager.o build/obj/moc_featureswitchwidget.o build/obj/moc_mainwindow.o build/obj/moc_mappingconfig.o build/obj/moc_matrixkeymonitor.o build/obj/moc_matrixkeythreadmanager.o build/obj/moc_modbustcpclient.o build/obj/moc_modbusthreadmanager.o build/obj/moc_modbusvariables.o build/obj/moc_operationrecorder.o build/obj/moc_poseprovider.o build/obj/moc_speedmodeselector.o build/obj/moc_steeringmodeselector.o build/obj/moc_techarcgauge.o build/obj/moc_techpushbutton.o build/obj/moc_techslideredit.o build/obj/moc_techsliderlabel.o build/obj/moc_techspeedgauge.o build/obj/moc_techvirtualkeyboard.o build/obj/moc_batterywidget.o   -lpthread /opt/Qt_5.15.9/lib/libQt5QuickWidgets.so /opt/Qt_5.15.9/lib/libQt5Widgets.so /opt/Qt_5.15.9/lib/libQt5Quick.so /opt/Qt_5.15.9/lib/libQt5Gui.so /opt/Qt_5.15.9/lib/libQt5QmlModels.so /opt/Qt_5.15.9/lib/libQt5Qml.so /opt/Qt_5.15.9/lib/libQt5Network.so /opt/Qt_5.15.9/lib/libQt5Core.so -L/home/tronlong/RK3562/RK3562_LINUX5.10_SDK_RELEASE_V1.0.0_20230620/debian/binary/usr/lib/aarch64-linux-gnu -lGLESv2   
make: aarch64-linux-gnu-g++: 没有那个文件或目录
make: *** [Makefile:396：180] 错误 127
