2026-03-16 13:45:07
系统自检完成 (2668ms)

✓ 硬件初始化: 硬件初始化完成
⚠ 文件系统检查: 警告：配置文件不存在，将使用默认配置
✓ 配置文件加载: 配置文件加载完成
✓ 主控制器连接: 主控制器连接成功
✓ AGV控制器连接: AGV控制器连接成功
✓ 矩阵键盘检测: 输入设备检测完成
✓ 伺服报警清除: 伺服报警已清除
✓ UI初始化: 用户界面初始化完成

总计: 7成功, 1警告, 0失败

2026-03-16 13:48:37
系统自检完成 (2673ms)

✓ 硬件初始化: 硬件初始化完成
⚠ 文件系统检查: 警告：配置文件不存在，将使用默认配置
✓ 配置文件加载: 配置文件加载完成
✓ 主控制器连接: 主控制器连接成功
✓ AGV控制器连接: AGV控制器连接成功
✓ 矩阵键盘检测: 输入设备检测完成
✓ 伺服报警清除: 伺服报警已清除
✓ UI初始化: 用户界面初始化完成

总计: 7成功, 1警告, 0失败

2026-03-16 15:27:12
系统自检完成 (2682ms)

✓ 硬件初始化: 硬件初始化完成
⚠ 文件系统检查: 警告：配置文件不存在，将使用默认配置
✓ 配置文件加载: 配置文件加载完成
✓ 主控制器连接: 主控制器连接成功
✓ AGV控制器连接: AGV控制器连接成功
✓ 矩阵键盘检测: 输入设备检测完成
✓ 伺服报警清除: 伺服报警已清除
✓ UI初始化: 用户界面初始化完成

总计: 7成功, 1警告, 0失败

